// Jest Snapshot v1, https://goo.gl/fbAQLP

exports[`tests for mssql database should query the database 1`] = `
{
  "email": "alice@prisma.io",
  "name": "Alice",
}
`;
