// Jest Snapshot v1, https://goo.gl/fbAQLP

exports[`Studio can make queries 1`] = `
Object {
  "action": "clientRequest",
  "channel": "-prisma",
  "payload": Object {
    "data": Object {
      "params": Object {
        "action": "findMany",
        "clientMethod": "user.findMany",
        "dataPath": Array [],
        "model": "User",
        "runInTransaction": false,
      },
      "response": Array [],
    },
    "error": null,
  },
  "requestId": 1,
}
`;
