// Jest Snapshot v1, https://goo.gl/fbAQLP

exports[`should test Prisma client and PgBouncer should work with default heroku pgbouncer with the pgbouncer query string param 1`] = `Array []`;
