// Jest Snapshot v1, https://goo.gl/fbAQLP

exports[`tests for database should query the database 1`] = `Array []`;
