// Jest Snapshot v1, https://goo.gl/fbAQLP

exports[`test dbml generator should produce same dbml for same Prisma schema 1`] = `
"//// ------------------------------------------------------
//// THIS FILE WAS AUTOMATICALLY GENERATED (DO NOT MODIFY)
//// ------------------------------------------------------

Table User {
  id String [pk]
  email String [unique, not null]
  name String
}"
`;
