// Jest Snapshot v1, https://goo.gl/fbAQLP

exports[`tests for GCP Postgres SSL database should query the database 1`] = `Array []`;
