// Jest Snapshot v1, https://goo.gl/fbAQLP

exports[`should test Prisma client and PgBouncer should test auto-reconnect 1`] = `Array []`;

exports[`should test Prisma client and PgBouncer should test auto-reconnect 2`] = `Array []`;
