// Jest Snapshot v1, https://goo.gl/fbAQLP

exports[`should query graphql users 1`] = `
Object {
  "users": Array [],
}
`;
