// Jest Snapshot v1, https://goo.gl/fbAQLP

exports[`tests for GCP MySQL SSL database should query the database 1`] = `Array []`;

exports[`tests for GCP MySQL SSL database should test the Prisma version: 2.14.0-dev.5 1`] = `"2.13.0-dev.101"`;
