// Jest Snapshot v1, https://goo.gl/fbAQLP

exports[`should test Prisma client and PgBouncer should fail with docker pgbouncer without the pgbouncer query string param 1`] = `
"Error: 
Invalid \`prisma.user.findMany()\` invocation:


  Error occurred during query execution:
ConnectorError(ConnectorError { user_facing_error: None, kind: QueryError(Error { kind: Db, cause: Some(DbError { severity: \\"ERROR\\", parsed_severity: Some(Error), code: SqlState(\\"26000\\"), message: \\"prepared statement \\\\\\"s0\\\\\\" does not exist\\", detail: None, hint: None, position: None, where_: None, schema: None, table: None, column: None, datatype: None, constraint: None, file: Some(\\"prepare.c\\"), line: Some(505), routine: Some(\\"FetchPreparedStatement\\") }) }) })"
`;

exports[`should test Prisma client and PgBouncer should work with docker pgbouncer with the pgbouncer query string param 1`] = `
Array [
  Object {
    "email": "alice-d97227bb-97b6-4a6d-81bf-04322b686165@prisma.io",
    "id": "d97227bb-97b6-4a6d-81bf-04322b686165",
    "name": "Alice",
  },
]
`;

exports[`should test Prisma client and PgBouncer should work with docker pgbouncer with the pgbouncer query string param 2`] = `
Array [
  Object {
    "email": "alice-d97227bb-97b6-4a6d-81bf-04322b686165@prisma.io",
    "id": "d97227bb-97b6-4a6d-81bf-04322b686165",
    "name": "Alice",
  },
]
`;
